#-----------------------------------------------------------
# Vivado v2022.1 (64-bit)
# SW Build 3526262 on Mon Apr 18 15:48:16 MDT 2022
# IP Build 3524634 on Mon Apr 18 20:55:01 MDT 2022
# Start of session at: Thu Jul 24 15:11:38 2025
# Process ID: 34108
# Current directory: F:/MyGit_Folder/Thesis-Funkner-Schwarz/filter_implementierung/vivado/Audio_quad_Filter_v1/Audio_quad_Filter_v1.runs/synth_1
# Command line: vivado.exe -log audio_test_wrapper.vds -product Vivado -mode batch -messageDb vivado.pb -notrace -source audio_test_wrapper.tcl
# Log file: F:/MyGit_Folder/Thesis-Funkner-Schwarz/filter_implementierung/vivado/Audio_quad_Filter_v1/Audio_quad_Filter_v1.runs/synth_1/audio_test_wrapper.vds
# Journal file: F:/MyGit_Folder/Thesis-Funkner-Schwarz/filter_implementierung/vivado/Audio_quad_Filter_v1/Audio_quad_Filter_v1.runs/synth_1\vivado.jou
# Running On: PCZ-01, OS: Windows, CPU Frequency: 3800 MHz, CPU Physical cores: 16, Host memory: 34282 MB
#-----------------------------------------------------------
source audio_test_wrapper.tcl -notrace
